MPLINK 4.49, Linker
Linker Map File - Created Wed Apr 17 20:13:44 2019

                                 Section Info
                  Section       Type    Address   Location Size(Bytes)
                ---------  ---------  ---------  ---------  ---------
                   .org_0       code   0x000000    program   0x000000
                   .org_1       code   0x000000    program   0x000002
                   .org_2       code   0x000005    program   0x000f70
      .config_2007_MAIN.O       code   0x002007    program   0x000002



                              Program Memory Usage 
                               Start         End      
                           ---------   ---------      
                            0x000000    0x000000      
                            0x000005    0x0007bc      
                            0x002007    0x002007      
            1978 out of 8454 program addresses used, program memory utilization is 23%



                              Symbols - Sorted by Name
                     Name    Address   Location    Storage File                     
                ---------  ---------  ---------  --------- ---------                
                CENTENAS1   0x00004a    program     static C:\Users\ramse\Downloads\3_Volti\Temp.inc
                     CERO   0x0000a3    program     static C:\Users\ramse\Downloads\3_Volti\Dipswitch.inc
                      CHA   0x000108    program     static C:\Users\ramse\Downloads\3_Volti\CHA.inc
                      CHD   0x0000cc    program     static C:\Users\ramse\Downloads\3_Volti\CHD.inc
              CREATE_0TID   0x000277    program     static C:\Users\ramse\Downloads\3_Volti\Crear_MensajesT0.inc
              CREATE_0TII   0x00023b    program     static C:\Users\ramse\Downloads\3_Volti\Crear_MensajesT0.inc
              CREATE_0TSD   0x000259    program     static C:\Users\ramse\Downloads\3_Volti\Crear_MensajesT0.inc
              CREATE_0TSI   0x00021d    program     static C:\Users\ramse\Downloads\3_Volti\Crear_MensajesT0.inc
              CREATE_0VID   0x000547    program     static C:\Users\ramse\Downloads\3_Volti\Crear_MensajesV0.inc
              CREATE_0VII   0x00050b    program     static C:\Users\ramse\Downloads\3_Volti\Crear_MensajesV0.inc
              CREATE_0VSD   0x000529    program     static C:\Users\ramse\Downloads\3_Volti\Crear_MensajesV0.inc
              CREATE_0VSI   0x0004ed    program     static C:\Users\ramse\Downloads\3_Volti\Crear_MensajesV0.inc
             CREATE_16TID   0x0002ef    program     static C:\Users\ramse\Downloads\3_Volti\Crear_MensajesT16.inc
             CREATE_16TII   0x0002b3    program     static C:\Users\ramse\Downloads\3_Volti\Crear_MensajesT16.inc
             CREATE_16TSD   0x0002d1    program     static C:\Users\ramse\Downloads\3_Volti\Crear_MensajesT16.inc
             CREATE_16TSI   0x000295    program     static C:\Users\ramse\Downloads\3_Volti\Crear_MensajesT16.inc
              CREATE_1VID   0x0005bf    program     static C:\Users\ramse\Downloads\3_Volti\Crear_MensajesV1.inc
              CREATE_1VII   0x000583    program     static C:\Users\ramse\Downloads\3_Volti\Crear_MensajesV1.inc
              CREATE_1VSD   0x0005a1    program     static C:\Users\ramse\Downloads\3_Volti\Crear_MensajesV1.inc
              CREATE_1VSI   0x000565    program     static C:\Users\ramse\Downloads\3_Volti\Crear_MensajesV1.inc
             CREATE_24TID   0x000367    program     static C:\Users\ramse\Downloads\3_Volti\Crear_MensajesT24.inc
             CREATE_24TII   0x00032b    program     static C:\Users\ramse\Downloads\3_Volti\Crear_MensajesT24.inc
             CREATE_24TSD   0x000349    program     static C:\Users\ramse\Downloads\3_Volti\Crear_MensajesT24.inc
             CREATE_24TSI   0x00030d    program     static C:\Users\ramse\Downloads\3_Volti\Crear_MensajesT24.inc
              CREATE_2VID   0x000637    program     static C:\Users\ramse\Downloads\3_Volti\Crear_MensajesV2.inc
              CREATE_2VII   0x0005fb    program     static C:\Users\ramse\Downloads\3_Volti\Crear_MensajesV2.inc
              CREATE_2VSD   0x000619    program     static C:\Users\ramse\Downloads\3_Volti\Crear_MensajesV2.inc
              CREATE_2VSI   0x0005dd    program     static C:\Users\ramse\Downloads\3_Volti\Crear_MensajesV2.inc
             CREATE_32TID   0x0003df    program     static C:\Users\ramse\Downloads\3_Volti\Crear_MensajesT32.inc
             CREATE_32TII   0x0003a3    program     static C:\Users\ramse\Downloads\3_Volti\Crear_MensajesT32.inc
             CREATE_32TSD   0x0003c1    program     static C:\Users\ramse\Downloads\3_Volti\Crear_MensajesT32.inc
             CREATE_32TSI   0x000385    program     static C:\Users\ramse\Downloads\3_Volti\Crear_MensajesT32.inc
              CREATE_3VID   0x0006af    program     static C:\Users\ramse\Downloads\3_Volti\Crear_MensajesV3.inc
              CREATE_3VII   0x000673    program     static C:\Users\ramse\Downloads\3_Volti\Crear_MensajesV3.inc
              CREATE_3VSD   0x000691    program     static C:\Users\ramse\Downloads\3_Volti\Crear_MensajesV3.inc
              CREATE_3VSI   0x000655    program     static C:\Users\ramse\Downloads\3_Volti\Crear_MensajesV3.inc
             CREATE_40TID   0x000457    program     static C:\Users\ramse\Downloads\3_Volti\Crear_MensajesT40.inc
             CREATE_40TII   0x00041b    program     static C:\Users\ramse\Downloads\3_Volti\Crear_MensajesT40.inc
             CREATE_40TSD   0x000439    program     static C:\Users\ramse\Downloads\3_Volti\Crear_MensajesT40.inc
             CREATE_40TSI   0x0003fd    program     static C:\Users\ramse\Downloads\3_Volti\Crear_MensajesT40.inc
              CREATE_4VID   0x000727    program     static C:\Users\ramse\Downloads\3_Volti\Crear_MensajesV4.inc
              CREATE_4VII   0x0006eb    program     static C:\Users\ramse\Downloads\3_Volti\Crear_MensajesV4.inc
              CREATE_4VSD   0x000709    program     static C:\Users\ramse\Downloads\3_Volti\Crear_MensajesV4.inc
              CREATE_4VSI   0x0006cd    program     static C:\Users\ramse\Downloads\3_Volti\Crear_MensajesV4.inc
             CREATE_56TID   0x0004cf    program     static C:\Users\ramse\Downloads\3_Volti\Crear_MensajesT56.inc
             CREATE_56TII   0x000493    program     static C:\Users\ramse\Downloads\3_Volti\Crear_MensajesT56.inc
             CREATE_56TSD   0x0004b1    program     static C:\Users\ramse\Downloads\3_Volti\Crear_MensajesT56.inc
             CREATE_56TSI   0x000475    program     static C:\Users\ramse\Downloads\3_Volti\Crear_MensajesT56.inc
              CREATE_5VID   0x00079f    program     static C:\Users\ramse\Downloads\3_Volti\Crear_MensajesV5.inc
              CREATE_5VII   0x000763    program     static C:\Users\ramse\Downloads\3_Volti\Crear_MensajesV5.inc
              CREATE_5VSD   0x000781    program     static C:\Users\ramse\Downloads\3_Volti\Crear_MensajesV5.inc
              CREATE_5VSI   0x000745    program     static C:\Users\ramse\Downloads\3_Volti\Crear_MensajesV5.inc
                    CarT0   0x000026    program     static C:\Users\ramse\Downloads\3_Volti\Cara.inc
                   CarT16   0x00002b    program     static C:\Users\ramse\Downloads\3_Volti\Cara.inc
                   CarT24   0x000030    program     static C:\Users\ramse\Downloads\3_Volti\Cara.inc
                   CarT32   0x000035    program     static C:\Users\ramse\Downloads\3_Volti\Cara.inc
                   CarT40   0x00003a    program     static C:\Users\ramse\Downloads\3_Volti\Cara.inc
                   CarT56   0x00003f    program     static C:\Users\ramse\Downloads\3_Volti\Cara.inc
                    CarV0   0x000008    program     static C:\Users\ramse\Downloads\3_Volti\Cara.inc
                    CarV1   0x00000d    program     static C:\Users\ramse\Downloads\3_Volti\Cara.inc
                    CarV2   0x000012    program     static C:\Users\ramse\Downloads\3_Volti\Cara.inc
                    CarV3   0x000017    program     static C:\Users\ramse\Downloads\3_Volti\Cara.inc
                    CarV4   0x00001c    program     static C:\Users\ramse\Downloads\3_Volti\Cara.inc
                    CarV5   0x000021    program     static C:\Users\ramse\Downloads\3_Volti\Cara.inc
           Comparador_Tem   0x000079    program     static C:\Users\ramse\Downloads\3_Volti\Comparador.inc
           Comparador_Vol   0x000060    program     static C:\Users\ramse\Downloads\3_Volti\Comparador.inc
       Configurar_Puertos   0x000092    program     static C:\Users\ramse\Downloads\3_Volti\Configurar_Puertos.inc
              Convertidor   0x0000b7    program     static C:\Users\ramse\Downloads\3_Volti\Convertidor.inc
                 DECENAS1   0x000051    program     static C:\Users\ramse\Downloads\3_Volti\Temp.inc
                    DELAY   0x000142    program     static C:\Users\ramse\Downloads\3_Volti\Retardo.inc
                 DIPSWICH   0x00009f    program     static C:\Users\ramse\Downloads\3_Volti\Dipswitch.inc
                   Espera   0x0000ba    program     static C:\Users\ramse\Downloads\3_Volti\Convertidor.inc
                   INICIO   0x000005    program     static C:\Users\ramse\Downloads\3_Volti\main.asm
              LCD_Comando   0x000134    program     static C:\Users\ramse\Downloads\3_Volti\LCD.inc
                LCD_Envia   0x00013a    program     static C:\Users\ramse\Downloads\3_Volti\LCD.inc
           LCD_Inicializa   0x000125    program     static C:\Users\ramse\Downloads\3_Volti\LCD.inc
               LCD_Linea2   0x00013d    program     static C:\Users\ramse\Downloads\3_Volti\LCD.inc
                MENSAJE_1   0x000159    program     static C:\Users\ramse\Downloads\3_Volti\Mensajes.inc
                MENSAJE_2   0x00018a    program     static C:\Users\ramse\Downloads\3_Volti\Mensajes.inc
                MENSAJE_3   0x0001bb    program     static C:\Users\ramse\Downloads\3_Volti\Mensajes.inc
                MENSAJE_4   0x0001ec    program     static C:\Users\ramse\Downloads\3_Volti\Mensajes.inc
           Multiplicacion   0x0000be    program     static C:\Users\ramse\Downloads\3_Volti\Multiplicacion.inc
              OBTEN_ASCII   0x00005b    program     static C:\Users\ramse\Downloads\3_Volti\Temp.inc
                  Regreso   0x0000a2    program     static C:\Users\ramse\Downloads\3_Volti\Dipswitch.inc
                     Reta   0x000150    program     static C:\Users\ramse\Downloads\3_Volti\Retardo.inc
                  Retardo   0x00014b    program     static C:\Users\ramse\Downloads\3_Volti\Retardo.inc
                    START   0x000006    program     static C:\Users\ramse\Downloads\3_Volti\main.asm
                     TEMP   0x000044    program     static C:\Users\ramse\Downloads\3_Volti\Temp.inc
                UNIDADES1   0x000058    program     static C:\Users\ramse\Downloads\3_Volti\Temp.inc
                      UNO   0x0000ad    program     static C:\Users\ramse\Downloads\3_Volti\Dipswitch.inc
                    ciclo   0x000144    program     static C:\Users\ramse\Downloads\3_Volti\Retardo.inc
                   ciclo2   0x000146    program     static C:\Users\ramse\Downloads\3_Volti\Retardo.inc
                   ciclo3   0x00014d    program     static C:\Users\ramse\Downloads\3_Volti\Retardo.inc
                   ciclo4   0x000152    program     static C:\Users\ramse\Downloads\3_Volti\Retardo.inc
                   ciclo5   0x000154    program     static C:\Users\ramse\Downloads\3_Volti\Retardo.inc
                     comp   0x000117    program     static C:\Users\ramse\Downloads\3_Volti\CHA.inc
                     conf   0x0000db    program     static C:\Users\ramse\Downloads\3_Volti\CHD.inc
                    letra   0x000122    program     static C:\Users\ramse\Downloads\3_Volti\CHA.inc
                    loop1   0x0000d4    program     static C:\Users\ramse\Downloads\3_Volti\CHD.inc
                    loop2   0x0000de    program     static C:\Users\ramse\Downloads\3_Volti\CHD.inc
                    loop3   0x0000e5    program     static C:\Users\ramse\Downloads\3_Volti\CHD.inc
                    loop4   0x0000ed    program     static C:\Users\ramse\Downloads\3_Volti\CHD.inc
                    loop5   0x0000f2    program     static C:\Users\ramse\Downloads\3_Volti\CHD.inc
                    loop6   0x0000f9    program     static C:\Users\ramse\Downloads\3_Volti\CHD.inc
                    loop7   0x000101    program     static C:\Users\ramse\Downloads\3_Volti\CHD.inc
                 negativo   0x0000c8    program     static C:\Users\ramse\Downloads\3_Volti\Multiplicacion.inc
                   numero   0x00011f    program     static C:\Users\ramse\Downloads\3_Volti\CHA.inc
                      reg   0x00011e    program     static C:\Users\ramse\Downloads\3_Volti\CHA.inc
                  regreso   0x0000e2    program     static C:\Users\ramse\Downloads\3_Volti\CHD.inc
                      ret   0x0000f6    program     static C:\Users\ramse\Downloads\3_Volti\CHD.inc



                              Symbols - Sorted by Address
                     Name    Address   Location    Storage File                     
                ---------  ---------  ---------  --------- ---------                
                   INICIO   0x000005    program     static C:\Users\ramse\Downloads\3_Volti\main.asm
                    START   0x000006    program     static C:\Users\ramse\Downloads\3_Volti\main.asm
                    CarV0   0x000008    program     static C:\Users\ramse\Downloads\3_Volti\Cara.inc
                    CarV1   0x00000d    program     static C:\Users\ramse\Downloads\3_Volti\Cara.inc
                    CarV2   0x000012    program     static C:\Users\ramse\Downloads\3_Volti\Cara.inc
                    CarV3   0x000017    program     static C:\Users\ramse\Downloads\3_Volti\Cara.inc
                    CarV4   0x00001c    program     static C:\Users\ramse\Downloads\3_Volti\Cara.inc
                    CarV5   0x000021    program     static C:\Users\ramse\Downloads\3_Volti\Cara.inc
                    CarT0   0x000026    program     static C:\Users\ramse\Downloads\3_Volti\Cara.inc
                   CarT16   0x00002b    program     static C:\Users\ramse\Downloads\3_Volti\Cara.inc
                   CarT24   0x000030    program     static C:\Users\ramse\Downloads\3_Volti\Cara.inc
                   CarT32   0x000035    program     static C:\Users\ramse\Downloads\3_Volti\Cara.inc
                   CarT40   0x00003a    program     static C:\Users\ramse\Downloads\3_Volti\Cara.inc
                   CarT56   0x00003f    program     static C:\Users\ramse\Downloads\3_Volti\Cara.inc
                     TEMP   0x000044    program     static C:\Users\ramse\Downloads\3_Volti\Temp.inc
                CENTENAS1   0x00004a    program     static C:\Users\ramse\Downloads\3_Volti\Temp.inc
                 DECENAS1   0x000051    program     static C:\Users\ramse\Downloads\3_Volti\Temp.inc
                UNIDADES1   0x000058    program     static C:\Users\ramse\Downloads\3_Volti\Temp.inc
              OBTEN_ASCII   0x00005b    program     static C:\Users\ramse\Downloads\3_Volti\Temp.inc
           Comparador_Vol   0x000060    program     static C:\Users\ramse\Downloads\3_Volti\Comparador.inc
           Comparador_Tem   0x000079    program     static C:\Users\ramse\Downloads\3_Volti\Comparador.inc
       Configurar_Puertos   0x000092    program     static C:\Users\ramse\Downloads\3_Volti\Configurar_Puertos.inc
                 DIPSWICH   0x00009f    program     static C:\Users\ramse\Downloads\3_Volti\Dipswitch.inc
                  Regreso   0x0000a2    program     static C:\Users\ramse\Downloads\3_Volti\Dipswitch.inc
                     CERO   0x0000a3    program     static C:\Users\ramse\Downloads\3_Volti\Dipswitch.inc
                      UNO   0x0000ad    program     static C:\Users\ramse\Downloads\3_Volti\Dipswitch.inc
              Convertidor   0x0000b7    program     static C:\Users\ramse\Downloads\3_Volti\Convertidor.inc
                   Espera   0x0000ba    program     static C:\Users\ramse\Downloads\3_Volti\Convertidor.inc
           Multiplicacion   0x0000be    program     static C:\Users\ramse\Downloads\3_Volti\Multiplicacion.inc
                 negativo   0x0000c8    program     static C:\Users\ramse\Downloads\3_Volti\Multiplicacion.inc
                      CHD   0x0000cc    program     static C:\Users\ramse\Downloads\3_Volti\CHD.inc
                    loop1   0x0000d4    program     static C:\Users\ramse\Downloads\3_Volti\CHD.inc
                     conf   0x0000db    program     static C:\Users\ramse\Downloads\3_Volti\CHD.inc
                    loop2   0x0000de    program     static C:\Users\ramse\Downloads\3_Volti\CHD.inc
                  regreso   0x0000e2    program     static C:\Users\ramse\Downloads\3_Volti\CHD.inc
                    loop3   0x0000e5    program     static C:\Users\ramse\Downloads\3_Volti\CHD.inc
                    loop4   0x0000ed    program     static C:\Users\ramse\Downloads\3_Volti\CHD.inc
                    loop5   0x0000f2    program     static C:\Users\ramse\Downloads\3_Volti\CHD.inc
                      ret   0x0000f6    program     static C:\Users\ramse\Downloads\3_Volti\CHD.inc
                    loop6   0x0000f9    program     static C:\Users\ramse\Downloads\3_Volti\CHD.inc
                    loop7   0x000101    program     static C:\Users\ramse\Downloads\3_Volti\CHD.inc
                      CHA   0x000108    program     static C:\Users\ramse\Downloads\3_Volti\CHA.inc
                     comp   0x000117    program     static C:\Users\ramse\Downloads\3_Volti\CHA.inc
                      reg   0x00011e    program     static C:\Users\ramse\Downloads\3_Volti\CHA.inc
                   numero   0x00011f    program     static C:\Users\ramse\Downloads\3_Volti\CHA.inc
                    letra   0x000122    program     static C:\Users\ramse\Downloads\3_Volti\CHA.inc
           LCD_Inicializa   0x000125    program     static C:\Users\ramse\Downloads\3_Volti\LCD.inc
              LCD_Comando   0x000134    program     static C:\Users\ramse\Downloads\3_Volti\LCD.inc
                LCD_Envia   0x00013a    program     static C:\Users\ramse\Downloads\3_Volti\LCD.inc
               LCD_Linea2   0x00013d    program     static C:\Users\ramse\Downloads\3_Volti\LCD.inc
                    DELAY   0x000142    program     static C:\Users\ramse\Downloads\3_Volti\Retardo.inc
                    ciclo   0x000144    program     static C:\Users\ramse\Downloads\3_Volti\Retardo.inc
                   ciclo2   0x000146    program     static C:\Users\ramse\Downloads\3_Volti\Retardo.inc
                  Retardo   0x00014b    program     static C:\Users\ramse\Downloads\3_Volti\Retardo.inc
                   ciclo3   0x00014d    program     static C:\Users\ramse\Downloads\3_Volti\Retardo.inc
                     Reta   0x000150    program     static C:\Users\ramse\Downloads\3_Volti\Retardo.inc
                   ciclo4   0x000152    program     static C:\Users\ramse\Downloads\3_Volti\Retardo.inc
                   ciclo5   0x000154    program     static C:\Users\ramse\Downloads\3_Volti\Retardo.inc
                MENSAJE_1   0x000159    program     static C:\Users\ramse\Downloads\3_Volti\Mensajes.inc
                MENSAJE_2   0x00018a    program     static C:\Users\ramse\Downloads\3_Volti\Mensajes.inc
                MENSAJE_3   0x0001bb    program     static C:\Users\ramse\Downloads\3_Volti\Mensajes.inc
                MENSAJE_4   0x0001ec    program     static C:\Users\ramse\Downloads\3_Volti\Mensajes.inc
              CREATE_0TSI   0x00021d    program     static C:\Users\ramse\Downloads\3_Volti\Crear_MensajesT0.inc
              CREATE_0TII   0x00023b    program     static C:\Users\ramse\Downloads\3_Volti\Crear_MensajesT0.inc
              CREATE_0TSD   0x000259    program     static C:\Users\ramse\Downloads\3_Volti\Crear_MensajesT0.inc
              CREATE_0TID   0x000277    program     static C:\Users\ramse\Downloads\3_Volti\Crear_MensajesT0.inc
             CREATE_16TSI   0x000295    program     static C:\Users\ramse\Downloads\3_Volti\Crear_MensajesT16.inc
             CREATE_16TII   0x0002b3    program     static C:\Users\ramse\Downloads\3_Volti\Crear_MensajesT16.inc
             CREATE_16TSD   0x0002d1    program     static C:\Users\ramse\Downloads\3_Volti\Crear_MensajesT16.inc
             CREATE_16TID   0x0002ef    program     static C:\Users\ramse\Downloads\3_Volti\Crear_MensajesT16.inc
             CREATE_24TSI   0x00030d    program     static C:\Users\ramse\Downloads\3_Volti\Crear_MensajesT24.inc
             CREATE_24TII   0x00032b    program     static C:\Users\ramse\Downloads\3_Volti\Crear_MensajesT24.inc
             CREATE_24TSD   0x000349    program     static C:\Users\ramse\Downloads\3_Volti\Crear_MensajesT24.inc
             CREATE_24TID   0x000367    program     static C:\Users\ramse\Downloads\3_Volti\Crear_MensajesT24.inc
             CREATE_32TSI   0x000385    program     static C:\Users\ramse\Downloads\3_Volti\Crear_MensajesT32.inc
             CREATE_32TII   0x0003a3    program     static C:\Users\ramse\Downloads\3_Volti\Crear_MensajesT32.inc
             CREATE_32TSD   0x0003c1    program     static C:\Users\ramse\Downloads\3_Volti\Crear_MensajesT32.inc
             CREATE_32TID   0x0003df    program     static C:\Users\ramse\Downloads\3_Volti\Crear_MensajesT32.inc
             CREATE_40TSI   0x0003fd    program     static C:\Users\ramse\Downloads\3_Volti\Crear_MensajesT40.inc
             CREATE_40TII   0x00041b    program     static C:\Users\ramse\Downloads\3_Volti\Crear_MensajesT40.inc
             CREATE_40TSD   0x000439    program     static C:\Users\ramse\Downloads\3_Volti\Crear_MensajesT40.inc
             CREATE_40TID   0x000457    program     static C:\Users\ramse\Downloads\3_Volti\Crear_MensajesT40.inc
             CREATE_56TSI   0x000475    program     static C:\Users\ramse\Downloads\3_Volti\Crear_MensajesT56.inc
             CREATE_56TII   0x000493    program     static C:\Users\ramse\Downloads\3_Volti\Crear_MensajesT56.inc
             CREATE_56TSD   0x0004b1    program     static C:\Users\ramse\Downloads\3_Volti\Crear_MensajesT56.inc
             CREATE_56TID   0x0004cf    program     static C:\Users\ramse\Downloads\3_Volti\Crear_MensajesT56.inc
              CREATE_0VSI   0x0004ed    program     static C:\Users\ramse\Downloads\3_Volti\Crear_MensajesV0.inc
              CREATE_0VII   0x00050b    program     static C:\Users\ramse\Downloads\3_Volti\Crear_MensajesV0.inc
              CREATE_0VSD   0x000529    program     static C:\Users\ramse\Downloads\3_Volti\Crear_MensajesV0.inc
              CREATE_0VID   0x000547    program     static C:\Users\ramse\Downloads\3_Volti\Crear_MensajesV0.inc
              CREATE_1VSI   0x000565    program     static C:\Users\ramse\Downloads\3_Volti\Crear_MensajesV1.inc
              CREATE_1VII   0x000583    program     static C:\Users\ramse\Downloads\3_Volti\Crear_MensajesV1.inc
              CREATE_1VSD   0x0005a1    program     static C:\Users\ramse\Downloads\3_Volti\Crear_MensajesV1.inc
              CREATE_1VID   0x0005bf    program     static C:\Users\ramse\Downloads\3_Volti\Crear_MensajesV1.inc
              CREATE_2VSI   0x0005dd    program     static C:\Users\ramse\Downloads\3_Volti\Crear_MensajesV2.inc
              CREATE_2VII   0x0005fb    program     static C:\Users\ramse\Downloads\3_Volti\Crear_MensajesV2.inc
              CREATE_2VSD   0x000619    program     static C:\Users\ramse\Downloads\3_Volti\Crear_MensajesV2.inc
              CREATE_2VID   0x000637    program     static C:\Users\ramse\Downloads\3_Volti\Crear_MensajesV2.inc
              CREATE_3VSI   0x000655    program     static C:\Users\ramse\Downloads\3_Volti\Crear_MensajesV3.inc
              CREATE_3VII   0x000673    program     static C:\Users\ramse\Downloads\3_Volti\Crear_MensajesV3.inc
              CREATE_3VSD   0x000691    program     static C:\Users\ramse\Downloads\3_Volti\Crear_MensajesV3.inc
              CREATE_3VID   0x0006af    program     static C:\Users\ramse\Downloads\3_Volti\Crear_MensajesV3.inc
              CREATE_4VSI   0x0006cd    program     static C:\Users\ramse\Downloads\3_Volti\Crear_MensajesV4.inc
              CREATE_4VII   0x0006eb    program     static C:\Users\ramse\Downloads\3_Volti\Crear_MensajesV4.inc
              CREATE_4VSD   0x000709    program     static C:\Users\ramse\Downloads\3_Volti\Crear_MensajesV4.inc
              CREATE_4VID   0x000727    program     static C:\Users\ramse\Downloads\3_Volti\Crear_MensajesV4.inc
              CREATE_5VSI   0x000745    program     static C:\Users\ramse\Downloads\3_Volti\Crear_MensajesV5.inc
              CREATE_5VII   0x000763    program     static C:\Users\ramse\Downloads\3_Volti\Crear_MensajesV5.inc
              CREATE_5VSD   0x000781    program     static C:\Users\ramse\Downloads\3_Volti\Crear_MensajesV5.inc
              CREATE_5VID   0x00079f    program     static C:\Users\ramse\Downloads\3_Volti\Crear_MensajesV5.inc


