MPLINK 4.49, Linker
Linker Map File - Created Sat Apr 13 13:24:25 2019

                                 Section Info
                  Section       Type    Address   Location Size(Bytes)
                ---------  ---------  ---------  ---------  ---------
                   .org_0       code   0x000000    program   0x000000
                   .org_1       code   0x000000    program   0x000002
                   .org_2       code   0x000005    program   0x00003a



                              Program Memory Usage 
                               Start         End      
                           ---------   ---------      
                            0x000000    0x000000      
                            0x000005    0x000021      
            30 out of 8454 program addresses used, program memory utilization is 0%



                              Symbols - Sorted by Name
                     Name    Address   Location    Storage File                     
                ---------  ---------  ---------  --------- ---------                
                   Inicio   0x000005    program     static C:\Users\ramse\Downloads\3_Volti\prueba.asm
                     comp   0x000014    program     static C:\Users\ramse\Downloads\3_Volti\prueba.asm
                    letra   0x00001f    program     static C:\Users\ramse\Downloads\3_Volti\prueba.asm
                   numero   0x00001c    program     static C:\Users\ramse\Downloads\3_Volti\prueba.asm
                      reg   0x00001b    program     static C:\Users\ramse\Downloads\3_Volti\prueba.asm



                              Symbols - Sorted by Address
                     Name    Address   Location    Storage File                     
                ---------  ---------  ---------  --------- ---------                
                   Inicio   0x000005    program     static C:\Users\ramse\Downloads\3_Volti\prueba.asm
                     comp   0x000014    program     static C:\Users\ramse\Downloads\3_Volti\prueba.asm
                      reg   0x00001b    program     static C:\Users\ramse\Downloads\3_Volti\prueba.asm
                   numero   0x00001c    program     static C:\Users\ramse\Downloads\3_Volti\prueba.asm
                    letra   0x00001f    program     static C:\Users\ramse\Downloads\3_Volti\prueba.asm


