MPLINK 4.49, Linker
Linker Map File - Created Fri May 17 21:51:38 2019

                                 Section Info
                  Section       Type    Address   Location Size(Bytes)
                ---------  ---------  ---------  ---------  ---------
                   .org_0       code   0x000000    program   0x000000
                   .org_1       code   0x000000    program   0x000002
                   .org_2       code   0x000004    program   0x000002
                   .org_3       code   0x000005    program   0x0000c6



                              Program Memory Usage 
                               Start         End      
                           ---------   ---------      
                            0x000000    0x000000      
                            0x000004    0x000067      
            101 out of 8454 program addresses used, program memory utilization is 1%



                              Symbols - Sorted by Name
                     Name    Address   Location    Storage File                     
                ---------  ---------  ---------  --------- ---------                
                 Adelante   0x00001d    program     static C:\Users\ramse\Downloads\5_Carrito_Interrupciones\main.asm
                    Atras   0x00002c    program     static C:\Users\ramse\Downloads\5_Carrito_Interrupciones\main.asm
                   CUENTA   0x000060    program     static C:\Users\ramse\Downloads\5_Carrito_Interrupciones\Interrupcion.inc
       Configurar_Puertos   0x000030    program     static C:\Users\ramse\Downloads\5_Carrito_Interrupciones\Configurar_Puertos.inc
                  Derecha   0x000021    program     static C:\Users\ramse\Downloads\5_Carrito_Interrupciones\main.asm
                 INFINITO   0x000066    program     static C:\Users\ramse\Downloads\5_Carrito_Interrupciones\Interrupcion.inc
                   Inicio   0x000005    program     static C:\Users\ramse\Downloads\5_Carrito_Interrupciones\main.asm
             Interrupcion   0x000053    program     static C:\Users\ramse\Downloads\5_Carrito_Interrupciones\Interrupcion.inc
                Izquierda   0x000028    program     static C:\Users\ramse\Downloads\5_Carrito_Interrupciones\main.asm
                    Parar   0x000025    program     static C:\Users\ramse\Downloads\5_Carrito_Interrupciones\main.asm
                   Recibe   0x000006    program     static C:\Users\ramse\Downloads\5_Carrito_Interrupciones\main.asm
                      SAL   0x00005b    program     static C:\Users\ramse\Downloads\5_Carrito_Interrupciones\Interrupcion.inc
                Seleccion   0x000009    program     static C:\Users\ramse\Downloads\5_Carrito_Interrupciones\main.asm
                      dos   0x00004a    program     static C:\Users\ramse\Downloads\5_Carrito_Interrupciones\Retardo.inc
                  retardo   0x000046    program     static C:\Users\ramse\Downloads\5_Carrito_Interrupciones\Retardo.inc
                     tres   0x000048    program     static C:\Users\ramse\Downloads\5_Carrito_Interrupciones\Retardo.inc
                      uno   0x00004c    program     static C:\Users\ramse\Downloads\5_Carrito_Interrupciones\Retardo.inc



                              Symbols - Sorted by Address
                     Name    Address   Location    Storage File                     
                ---------  ---------  ---------  --------- ---------                
                   Inicio   0x000005    program     static C:\Users\ramse\Downloads\5_Carrito_Interrupciones\main.asm
                   Recibe   0x000006    program     static C:\Users\ramse\Downloads\5_Carrito_Interrupciones\main.asm
                Seleccion   0x000009    program     static C:\Users\ramse\Downloads\5_Carrito_Interrupciones\main.asm
                 Adelante   0x00001d    program     static C:\Users\ramse\Downloads\5_Carrito_Interrupciones\main.asm
                  Derecha   0x000021    program     static C:\Users\ramse\Downloads\5_Carrito_Interrupciones\main.asm
                    Parar   0x000025    program     static C:\Users\ramse\Downloads\5_Carrito_Interrupciones\main.asm
                Izquierda   0x000028    program     static C:\Users\ramse\Downloads\5_Carrito_Interrupciones\main.asm
                    Atras   0x00002c    program     static C:\Users\ramse\Downloads\5_Carrito_Interrupciones\main.asm
       Configurar_Puertos   0x000030    program     static C:\Users\ramse\Downloads\5_Carrito_Interrupciones\Configurar_Puertos.inc
                  retardo   0x000046    program     static C:\Users\ramse\Downloads\5_Carrito_Interrupciones\Retardo.inc
                     tres   0x000048    program     static C:\Users\ramse\Downloads\5_Carrito_Interrupciones\Retardo.inc
                      dos   0x00004a    program     static C:\Users\ramse\Downloads\5_Carrito_Interrupciones\Retardo.inc
                      uno   0x00004c    program     static C:\Users\ramse\Downloads\5_Carrito_Interrupciones\Retardo.inc
             Interrupcion   0x000053    program     static C:\Users\ramse\Downloads\5_Carrito_Interrupciones\Interrupcion.inc
                      SAL   0x00005b    program     static C:\Users\ramse\Downloads\5_Carrito_Interrupciones\Interrupcion.inc
                   CUENTA   0x000060    program     static C:\Users\ramse\Downloads\5_Carrito_Interrupciones\Interrupcion.inc
                 INFINITO   0x000066    program     static C:\Users\ramse\Downloads\5_Carrito_Interrupciones\Interrupcion.inc


