MPLINK 4.49, Linker
Linker Map File - Created Fri May 17 21:42:33 2019

                                 Section Info
                  Section       Type    Address   Location Size(Bytes)
                ---------  ---------  ---------  ---------  ---------
                   .org_0       code   0x000000    program   0x000000
                   .org_1       code   0x000000    program   0x000002
                   .org_2       code   0x000005    program   0x00008a
      .config_2007_MAIN.O       code   0x002007    program   0x000002



                              Program Memory Usage 
                               Start         End      
                           ---------   ---------      
                            0x000000    0x000000      
                            0x000005    0x000049      
                            0x002007    0x002007      
            71 out of 8454 program addresses used, program memory utilization is 0%



                              Symbols - Sorted by Name
                     Name    Address   Location    Storage File                     
                ---------  ---------  ---------  --------- ---------                
                 Adelante   0x00001d    program     static C:\Users\ramse\Downloads\4_Carrito\main.asm
                    Atras   0x00002c    program     static C:\Users\ramse\Downloads\4_Carrito\main.asm
       Configurar_Puertos   0x000030    program     static C:\Users\ramse\Downloads\4_Carrito\Configurar_Puertos.inc
                  Derecha   0x000021    program     static C:\Users\ramse\Downloads\4_Carrito\main.asm
                   Inicio   0x000005    program     static C:\Users\ramse\Downloads\4_Carrito\main.asm
                Izquierda   0x000028    program     static C:\Users\ramse\Downloads\4_Carrito\main.asm
                    Parar   0x000025    program     static C:\Users\ramse\Downloads\4_Carrito\main.asm
                   Recibe   0x000006    program     static C:\Users\ramse\Downloads\4_Carrito\main.asm
                Seleccion   0x000009    program     static C:\Users\ramse\Downloads\4_Carrito\main.asm
                      dos   0x000041    program     static C:\Users\ramse\Downloads\4_Carrito\Retardo.inc
                  retardo   0x00003d    program     static C:\Users\ramse\Downloads\4_Carrito\Retardo.inc
                     tres   0x00003f    program     static C:\Users\ramse\Downloads\4_Carrito\Retardo.inc
                      uno   0x000043    program     static C:\Users\ramse\Downloads\4_Carrito\Retardo.inc



                              Symbols - Sorted by Address
                     Name    Address   Location    Storage File                     
                ---------  ---------  ---------  --------- ---------                
                   Inicio   0x000005    program     static C:\Users\ramse\Downloads\4_Carrito\main.asm
                   Recibe   0x000006    program     static C:\Users\ramse\Downloads\4_Carrito\main.asm
                Seleccion   0x000009    program     static C:\Users\ramse\Downloads\4_Carrito\main.asm
                 Adelante   0x00001d    program     static C:\Users\ramse\Downloads\4_Carrito\main.asm
                  Derecha   0x000021    program     static C:\Users\ramse\Downloads\4_Carrito\main.asm
                    Parar   0x000025    program     static C:\Users\ramse\Downloads\4_Carrito\main.asm
                Izquierda   0x000028    program     static C:\Users\ramse\Downloads\4_Carrito\main.asm
                    Atras   0x00002c    program     static C:\Users\ramse\Downloads\4_Carrito\main.asm
       Configurar_Puertos   0x000030    program     static C:\Users\ramse\Downloads\4_Carrito\Configurar_Puertos.inc
                  retardo   0x00003d    program     static C:\Users\ramse\Downloads\4_Carrito\Retardo.inc
                     tres   0x00003f    program     static C:\Users\ramse\Downloads\4_Carrito\Retardo.inc
                      dos   0x000041    program     static C:\Users\ramse\Downloads\4_Carrito\Retardo.inc
                      uno   0x000043    program     static C:\Users\ramse\Downloads\4_Carrito\Retardo.inc


