MPLINK 4.49, Linker
Linker Map File - Created Sun Mar 24 13:16:53 2019

                                 Section Info
                  Section       Type    Address   Location Size(Bytes)
                ---------  ---------  ---------  ---------  ---------
                   .org_0       code   0x000000    program   0x000000
                   .org_1       code   0x000000    program   0x000002
                   .org_2       code   0x000005    program   0x00009c
      .config_2007_MAIN.O       code   0x002007    program   0x000002



                              Program Memory Usage 
                               Start         End      
                           ---------   ---------      
                            0x000000    0x000000      
                            0x000005    0x000052      
                            0x002007    0x002007      
            80 out of 8454 program addresses used, program memory utilization is 0%



                              Symbols - Sorted by Name
                     Name    Address   Location    Storage File                     
                ---------  ---------  ---------  --------- ---------                
                      A_R   0x00004a    program     static C:\Users\ramse\Downloads\1_Semaforo\parpadeo.inc
            Amarillo_Rojo   0x000024    program     static C:\Users\ramse\Downloads\1_Semaforo\Colores.inc
                    Ciclo   0x00002a    program     static C:\Users\ramse\Downloads\1_Semaforo\Retardo.inc
                   Ciclo2   0x00002c    program     static C:\Users\ramse\Downloads\1_Semaforo\Retardo.inc
                   Ciclo3   0x00002e    program     static C:\Users\ramse\Downloads\1_Semaforo\Retardo.inc
                   Ciclo4   0x000030    program     static C:\Users\ramse\Downloads\1_Semaforo\Retardo.inc
       Configurar_Puertos   0x00000b    program     static C:\Users\ramse\Downloads\1_Semaforo\Configurar_Puertos.inc
                    Delay   0x000028    program     static C:\Users\ramse\Downloads\1_Semaforo\Retardo.inc
                      R_A   0x000041    program     static C:\Users\ramse\Downloads\1_Semaforo\parpadeo.inc
                    R_V_R   0x00003b    program     static C:\Users\ramse\Downloads\1_Semaforo\parpadeo.inc
            Rojo_Amarillo   0x00001c    program     static C:\Users\ramse\Downloads\1_Semaforo\Colores.inc
               Rojo_Verde   0x000018    program     static C:\Users\ramse\Downloads\1_Semaforo\Colores.inc
               Verde_Rojo   0x000020    program     static C:\Users\ramse\Downloads\1_Semaforo\Colores.inc
                   inicio   0x000005    program     static C:\Users\ramse\Downloads\1_Semaforo\main.asm
                    start   0x000006    program     static C:\Users\ramse\Downloads\1_Semaforo\main.asm



                              Symbols - Sorted by Address
                     Name    Address   Location    Storage File                     
                ---------  ---------  ---------  --------- ---------                
                   inicio   0x000005    program     static C:\Users\ramse\Downloads\1_Semaforo\main.asm
                    start   0x000006    program     static C:\Users\ramse\Downloads\1_Semaforo\main.asm
       Configurar_Puertos   0x00000b    program     static C:\Users\ramse\Downloads\1_Semaforo\Configurar_Puertos.inc
               Rojo_Verde   0x000018    program     static C:\Users\ramse\Downloads\1_Semaforo\Colores.inc
            Rojo_Amarillo   0x00001c    program     static C:\Users\ramse\Downloads\1_Semaforo\Colores.inc
               Verde_Rojo   0x000020    program     static C:\Users\ramse\Downloads\1_Semaforo\Colores.inc
            Amarillo_Rojo   0x000024    program     static C:\Users\ramse\Downloads\1_Semaforo\Colores.inc
                    Delay   0x000028    program     static C:\Users\ramse\Downloads\1_Semaforo\Retardo.inc
                    Ciclo   0x00002a    program     static C:\Users\ramse\Downloads\1_Semaforo\Retardo.inc
                   Ciclo2   0x00002c    program     static C:\Users\ramse\Downloads\1_Semaforo\Retardo.inc
                   Ciclo3   0x00002e    program     static C:\Users\ramse\Downloads\1_Semaforo\Retardo.inc
                   Ciclo4   0x000030    program     static C:\Users\ramse\Downloads\1_Semaforo\Retardo.inc
                    R_V_R   0x00003b    program     static C:\Users\ramse\Downloads\1_Semaforo\parpadeo.inc
                      R_A   0x000041    program     static C:\Users\ramse\Downloads\1_Semaforo\parpadeo.inc
                      A_R   0x00004a    program     static C:\Users\ramse\Downloads\1_Semaforo\parpadeo.inc


