MPLINK 4.49, Linker
Linker Map File - Created Sun Mar 17 19:42:11 2019

                                 Section Info
                  Section       Type    Address   Location Size(Bytes)
                ---------  ---------  ---------  ---------  ---------
                   .org_0       code   0x000000    program   0x000000
                   .org_1       code   0x000000    program   0x000002
                   .org_2       code   0x000005    program   0x000094



                              Program Memory Usage 
                               Start         End      
                           ---------   ---------      
                            0x000000    0x000000      
                            0x000005    0x00004e      
            75 out of 8454 program addresses used, program memory utilization is 0%



                              Symbols - Sorted by Name
                     Name    Address   Location    Storage File                     
                ---------  ---------  ---------  --------- ---------                
                  comando   0x000012    program     static C:\Users\ramse\Downloads\Proyecto 2\lcd.asm
                    datos   0x00001b    program     static C:\Users\ramse\Downloads\Proyecto 2\lcd.asm
                       do   0x000035    program     static C:\Users\ramse\Downloads\Proyecto 2\lcd.asm
                      dos   0x000028    program     static C:\Users\ramse\Downloads\Proyecto 2\lcd.asm
                      ini   0x000005    program     static C:\Users\ramse\Downloads\Proyecto 2\lcd.asm
           inicializacion   0x00003e    program     static C:\Users\ramse\Downloads\Proyecto 2\lcd.asm
                   inicio   0x00004b    program     static C:\Users\ramse\Downloads\Proyecto 2\lcd.asm
                  retardo   0x000024    program     static C:\Users\ramse\Downloads\Proyecto 2\lcd.asm
                 retardo2   0x000031    program     static C:\Users\ramse\Downloads\Proyecto 2\lcd.asm
                      tre   0x000033    program     static C:\Users\ramse\Downloads\Proyecto 2\lcd.asm
                     tres   0x000026    program     static C:\Users\ramse\Downloads\Proyecto 2\lcd.asm
                       un   0x000037    program     static C:\Users\ramse\Downloads\Proyecto 2\lcd.asm
                      uno   0x00002a    program     static C:\Users\ramse\Downloads\Proyecto 2\lcd.asm



                              Symbols - Sorted by Address
                     Name    Address   Location    Storage File                     
                ---------  ---------  ---------  --------- ---------                
                      ini   0x000005    program     static C:\Users\ramse\Downloads\Proyecto 2\lcd.asm
                  comando   0x000012    program     static C:\Users\ramse\Downloads\Proyecto 2\lcd.asm
                    datos   0x00001b    program     static C:\Users\ramse\Downloads\Proyecto 2\lcd.asm
                  retardo   0x000024    program     static C:\Users\ramse\Downloads\Proyecto 2\lcd.asm
                     tres   0x000026    program     static C:\Users\ramse\Downloads\Proyecto 2\lcd.asm
                      dos   0x000028    program     static C:\Users\ramse\Downloads\Proyecto 2\lcd.asm
                      uno   0x00002a    program     static C:\Users\ramse\Downloads\Proyecto 2\lcd.asm
                 retardo2   0x000031    program     static C:\Users\ramse\Downloads\Proyecto 2\lcd.asm
                      tre   0x000033    program     static C:\Users\ramse\Downloads\Proyecto 2\lcd.asm
                       do   0x000035    program     static C:\Users\ramse\Downloads\Proyecto 2\lcd.asm
                       un   0x000037    program     static C:\Users\ramse\Downloads\Proyecto 2\lcd.asm
           inicializacion   0x00003e    program     static C:\Users\ramse\Downloads\Proyecto 2\lcd.asm
                   inicio   0x00004b    program     static C:\Users\ramse\Downloads\Proyecto 2\lcd.asm


